
> Configure project :
Fabric Loom: 1.6.12

> Task :compileJava FAILED
.\gradlew.bat : 
C:\Users\Home\Desktop\photoreal\src\main\java\com\photoreal\terrain\mixin\VanillaBiomeParametersMixin.java:72: 
warning: Unable to determine descriptor for @Inject target method
строка:2 знак:1
+ .\gradlew.bat compileJava > errors.txt 2>&1
+ ~~~~~~~~~~~~~~~~~~~~~~~~~~~~~~~~~~~~~~~~~~~
    + CategoryInfo          : NotSpecified: (C:\Users\Home\D...t target method:String) [], RemoteException
    + FullyQualifiedErrorId : NativeCommandError
 
    @Inject(
    ^
C:\Users\Home\Desktop\photoreal\src\main\java\com\photoreal\terrain\flora\FloraCustomModel.java:59: error: 
incompatible types: incompatible parameter types in lambda expression
            tint = blockView.getColor(pos, biome -> biome.getFoliageColor());
                                           ^
C:\Users\Home\Desktop\photoreal\src\main\java\com\photoreal\terrain\flora\FloraModelProvider.java:17: error: 
FloraModelProvider is not abstract and does not override abstract method onInitializeModelLoader(Context) in 
ModelLoadingPlugin
public class FloraModelProvider implements ModelLoadingPlugin {
       ^
C:\Users\Home\Desktop\photoreal\src\main\java\com\photoreal\terrain\flora\FloraModelProvider.java:22: error: cannot 
find symbol
        FLORA_TYPES.put(Blocks.SHORT_GRASS,    FloraCustomModel.FloraType.CROSS_PLANT);
                              ^
  symbol:   variable SHORT_GRASS
  location: class Blocks
C:\Users\Home\Desktop\photoreal\src\main\java\com\photoreal\terrain\flora\FloraModelProvider.java:52: error: method 
does not override or implement a method from a supertype
    @Override
    ^
C:\Users\Home\Desktop\photoreal\src\main\java\com\photoreal\terrain\worldgen\ChunkDensityCache.java:70: error: cannot 
find symbol
        DensityFunction.SinglePointContext ctx = new DensityFunction.SinglePointContext(0, 0, 0);
                       ^
  symbol:   class SinglePointContext
  location: interface DensityFunction
C:\Users\Home\Desktop\photoreal\src\main\java\com\photoreal\terrain\worldgen\ChunkDensityCache.java:70: error: cannot 
find symbol
        DensityFunction.SinglePointContext ctx = new DensityFunction.SinglePointContext(0, 0, 0);
                                                                    ^
  symbol:   class SinglePointContext
  location: interface DensityFunction
C:\Users\Home\Desktop\photoreal\src\main\java\com\photoreal\terrain\worldgen\ChunkDensityCache.java:80: error: cannot 
find symbol
                    double d = function.sample(new DensityFunction.SinglePointContext(wx, wy, wz));
                                                                  ^
  symbol:   class SinglePointContext
  location: interface DensityFunction
C:\Users\Home\Desktop\photoreal\src\main\java\com\photoreal\terrain\mixin\BlockRendererMixin.java:192: error: cannot 
find symbol
            v.nx = NormalEncoder.encodeByte(result.nx);
             ^
  symbol:   variable nx
  location: variable v of type Vertex
C:\Users\Home\Desktop\photoreal\src\main\java\com\photoreal\terrain\mixin\BlockRendererMixin.java:193: error: cannot 
find symbol
            v.ny = NormalEncoder.encodeByte(result.ny);
             ^
  symbol:   variable ny
  location: variable v of type Vertex
C:\Users\Home\Desktop\photoreal\src\main\java\com\photoreal\terrain\mixin\BlockRendererMixin.java:194: error: cannot 
find symbol
            v.nz = NormalEncoder.encodeByte(result.nz);
             ^
  symbol:   variable nz
  location: variable v of type Vertex
C:\Users\Home\Desktop\photoreal\src\main\java\com\photoreal\terrain\mixin\ChunkBuilderMeshingTaskMixin.java:70: error: 
cannot find symbol
        int originX = render.getOrigin().getX();
                            ^
  symbol:   method getOrigin()
  location: variable render of type RenderSection
C:\Users\Home\Desktop\photoreal\src\main\java\com\photoreal\terrain\mixin\ChunkBuilderMeshingTaskMixin.java:71: error: 
cannot find symbol
        int originY = render.getOrigin().getY();
                            ^
  symbol:   method getOrigin()
  location: variable render of type RenderSection
C:\Users\Home\Desktop\photoreal\src\main\java\com\photoreal\terrain\mixin\ChunkBuilderMeshingTaskMixin.java:72: error: 
cannot find symbol
        int originZ = render.getOrigin().getZ();
                            ^
  symbol:   method getOrigin()
  location: variable render of type RenderSection
C:\Users\Home\Desktop\photoreal\src\main\java\com\photoreal\terrain\mixin\VanillaBiomeParametersMixin.java:136: error: 
incompatible types: Entries is not a functional interface
        parameters.accept(entries -> entries.add(
                  ^
C:\Users\Home\Desktop\photoreal\src\main\java\com\photoreal\terrain\world\feature\EcosystemClusterFeature.java:249: 
error: cannot find symbol
        var entry = lookup.get().getOptional(RegistryKey.of(RegistryKeys.PLACED_FEATURE, featureId));
                                ^
  symbol:   method getOptional(RegistryKey<PlacedFeature>)
  location: interface Registry<PlacedFeature>
Note: Some input files use or override a deprecated API.
Note: Recompile with -Xlint:deprecation for details.
Note: Some messages have been simplified; recompile with -Xdiags:verbose to get full output
15 errors
1 warning

FAILURE: Build failed with an exception.

* What went wrong:
Execution failed for task ':compileJava'.
> Compilation failed; see the compiler error output for details.

* Try:
> Run with --info option to get more log output.
> Run with --scan to get full insights.

Deprecated Gradle features were used in this build, making it incompatible with Gradle 9.0.

You can use '--warning-mode all' to show the individual deprecation warnings and determine if they come from your own scripts or plugins.

For more on this, please refer to https://docs.gradle.org/8.8/userguide/command_line_interface.html#sec:command_line_warnings in the Gradle documentation.

BUILD FAILED in 4s
1 actionable task: 1 executed
